// Jest Snapshot v1, https://goo.gl/fbAQLP

exports[`NotePageMain component renders a .NotePageMain by default 1`] = `
<section
  className="NotePageMain"
>
  <h2>
    Note Details:
  </h2>
  <Note
    content="No content found."
    onDeleteNote={[Function]}
  />
  <div
    className="NotePageMain-Content"
  >
    <p
      key="0"
    >
      No content found.
    </p>
  </div>
</section>
`;

exports[`NotePageMain component renders a Note with note prop 1`] = `
<Note
  content="No content found."
  onDeleteNote={[Function]}
/>
`;
