// Jest Snapshot v1, https://goo.gl/fbAQLP

exports[`NoteListMain component renders a .NoteListMain by default 1`] = `
<section
  className="NoteListMain"
>
  <h2>
    Notes
  </h2>
  <p>
    Select note name for details.
  </p>
  <ul />
  <button
    className="NoteListMain-Button-Container"
  >
    <AddButton
      className="NoteListMain-Add-Note-Button"
      tag={
        Object {
          "$$typeof": Symbol(react.forward_ref),
          "displayName": "Link",
          "propTypes": Object {
            "innerRef": [Function],
            "onClick": [Function],
            "replace": [Function],
            "target": [Function],
            "to": [Function],
          },
          "render": [Function],
        }
      }
      to="/add-note"
      type="button"
    >
      Add Note
    </AddButton>
  </button>
</section>
`;

exports[`NoteListMain component renders a Note in ul for each notes in array 1`] = `<ul />`;
